mail.com 接码 API 正在监听 http://127.0.0.1:8788
管理员令牌文件: D:\code\my\GPTProExplore\mail-com-code-api\data\admin.token
地址导出文件: D:\code\my\GPTProExplore\mail-com-code-api\data\邮箱----接码API.txt
mail-code-api method=GET status=200
mail-code-api method=GET status=200
mail-code-api method=GET status=200
mail-code-api method=GET status=200
mail-code-api method=GET status=200
mail-code-api method=GET status=404
mail-code-api method=POST status=200
mail-code-api method=GET status=200
mail-code-api method=GET status=200
mail-code-api method=GET status=200
mail-code-api method=GET status=200
mail-code-api method=GET status=200
mail-code-api method=POST status=200
mail-code-api {"event":"split_invalid","method":"POST","path":"/aliases/split","email":"gretchenrichuzk@linuxmail.org","count":9,"domain":"groupmail.com, null.net, toothfairy.com, solution4u.com, bellair.net, computer4u.com, presidency.com","random_domain_tlds":null,"status":400,"error":"invalid_request","detail":"domain 格式无效"}
mail-code-api method=POST status=400
mail-code-api method=GET status=502
----------------------------------------
Exception occurred during processing of request from ('127.0.0.1', 63529)
Traceback (most recent call last):
  File "D:\code\my\GPTProExplore\mail-com-code-api\mailcom_client.py", line 258, in ensure_mail_token
    return self.get_token(MAIL_SCOPE, MAIL_CLIENT_ID)
           ^^^^^^^^^^^^^^^^^^^^^^^^^^^^^^^^^^^^^^^^^^
  File "D:\code\my\GPTProExplore\mail-com-code-api\mailcom_client.py", line 246, in get_token
    raise MailComError(f"token 请求失败 (HTTP {response.status_code})", kind="oauth_failed")
mailcom_client.MailComError: token 请求失败 (HTTP 400)

During handling of the above exception, another exception occurred:

Traceback (most recent call last):
  File "D:\code\my\GPTProExplore\mail-com-code-api\server.py", line 1003, in handle_code
    results.append({"email": email, "code": None, "error": exc.kind})
             ^^^^^^^^^^^^^^^^^^^^^^^^^^^^^^^^^^^^^^^^^^^^^^^^^^^^^^^^
  File "D:\code\my\GPTProExplore\mail-com-code-api\server.py", line 562, in fetch_code
    routes: list[Address] = []
                       ^^^^^^^^
  File "D:\code\my\GPTProExplore\mail-com-code-api\mailcom_client.py", line 278, in query_messages
    token = self.ensure_mail_token()
            ^^^^^^^^^^^^^^^^^^^^^^^^
  File "D:\code\my\GPTProExplore\mail-com-code-api\mailcom_client.py", line 265, in ensure_mail_token
    return self.get_token(MAIL_SCOPE, MAIL_CLIENT_ID, force=True)
           ^^^^^^^^^^^^^^^^^^^^^^^^^^^^^^^^^^^^^^^^^^^^^^^^^^^^^^
  File "D:\code\my\GPTProExplore\mail-com-code-api\mailcom_client.py", line 246, in get_token
    raise MailComError(f"token 请求失败 (HTTP {response.status_code})", kind="oauth_failed")
mailcom_client.MailComError: token 请求失败 (HTTP 400)

During handling of the above exception, another exception occurred:

Traceback (most recent call last):
  File "D:\Program Files\Python\Python 3.12.10\Lib\socketserver.py", line 697, in process_request_thread
    self.finish_request(request, client_address)
  File "D:\Program Files\Python\Python 3.12.10\Lib\socketserver.py", line 362, in finish_request
    self.RequestHandlerClass(request, client_address, self)
  File "D:\Program Files\Python\Python 3.12.10\Lib\socketserver.py", line 766, in __init__
    self.handle()
  File "D:\Program Files\Python\Python 3.12.10\Lib\http\server.py", line 436, in handle
    self.handle_one_request()
  File "D:\Program Files\Python\Python 3.12.10\Lib\http\server.py", line 424, in handle_one_request
    method()
  File "D:\code\my\GPTProExplore\mail-com-code-api\server.py", line 648, in do_GET
    },
  File "D:\code\my\GPTProExplore\mail-com-code-api\server.py", line 1014, in handle_code
    return
  File "D:\code\my\GPTProExplore\mail-com-code-api\server.py", line 1061, in json_response
    return raw
  File "D:\Program Files\Python\Python 3.12.10\Lib\socketserver.py", line 845, in write
    self._sock.sendall(b)
ConnectionAbortedError: [WinError 10053] 你的主机中的软件中止了一个已建立的连接。
----------------------------------------
mail-code-api method=GET status=502
----------------------------------------
Exception occurred during processing of request from ('127.0.0.1', 65299)
Traceback (most recent call last):
  File "D:\code\my\GPTProExplore\mail-com-code-api\mailcom_client.py", line 258, in ensure_mail_token
    return self.get_token(MAIL_SCOPE, MAIL_CLIENT_ID)
           ^^^^^^^^^^^^^^^^^^^^^^^^^^^^^^^^^^^^^^^^^^
  File "D:\code\my\GPTProExplore\mail-com-code-api\mailcom_client.py", line 246, in get_token
    raise MailComError(f"token 请求失败 (HTTP {response.status_code})", kind="oauth_failed")
mailcom_client.MailComError: token 请求失败 (HTTP 400)

During handling of the above exception, another exception occurred:

Traceback (most recent call last):
  File "D:\code\my\GPTProExplore\mail-com-code-api\server.py", line 1003, in handle_code
    results.append({"email": email, "code": None, "error": exc.kind})
             ^^^^^^^^^^^^^^^^^^^^^^^^^^^^^^^^^^^^^^^^^^^^^^^^^^^^^^^^
  File "D:\code\my\GPTProExplore\mail-com-code-api\server.py", line 562, in fetch_code
    routes: list[Address] = []
                       ^^^^^^^^
  File "D:\code\my\GPTProExplore\mail-com-code-api\mailcom_client.py", line 278, in query_messages
    token = self.ensure_mail_token()
            ^^^^^^^^^^^^^^^^^^^^^^^^
  File "D:\code\my\GPTProExplore\mail-com-code-api\mailcom_client.py", line 265, in ensure_mail_token
    return self.get_token(MAIL_SCOPE, MAIL_CLIENT_ID, force=True)
           ^^^^^^^^^^^^^^^^^^^^^^^^^^^^^^^^^^^^^^^^^^^^^^^^^^^^^^
  File "D:\code\my\GPTProExplore\mail-com-code-api\mailcom_client.py", line 246, in get_token
    raise MailComError(f"token 请求失败 (HTTP {response.status_code})", kind="oauth_failed")
mailcom_client.MailComError: token 请求失败 (HTTP 400)

During handling of the above exception, another exception occurred:

Traceback (most recent call last):
  File "D:\Program Files\Python\Python 3.12.10\Lib\socketserver.py", line 697, in process_request_thread
    self.finish_request(request, client_address)
  File "D:\Program Files\Python\Python 3.12.10\Lib\socketserver.py", line 362, in finish_request
    self.RequestHandlerClass(request, client_address, self)
  File "D:\Program Files\Python\Python 3.12.10\Lib\socketserver.py", line 766, in __init__
    self.handle()
  File "D:\Program Files\Python\Python 3.12.10\Lib\http\server.py", line 436, in handle
    self.handle_one_request()
  File "D:\Program Files\Python\Python 3.12.10\Lib\http\server.py", line 424, in handle_one_request
    method()
  File "D:\code\my\GPTProExplore\mail-com-code-api\server.py", line 648, in do_GET
    },
  File "D:\code\my\GPTProExplore\mail-com-code-api\server.py", line 1014, in handle_code
    return
  File "D:\code\my\GPTProExplore\mail-com-code-api\server.py", line 1061, in json_response
    return raw
  File "D:\Program Files\Python\Python 3.12.10\Lib\socketserver.py", line 845, in write
    self._sock.sendall(b)
ConnectionAbortedError: [WinError 10053] 你的主机中的软件中止了一个已建立的连接。
----------------------------------------
mail-code-api method=GET status=502
----------------------------------------
Exception occurred during processing of request from ('127.0.0.1', 63798)
Traceback (most recent call last):
  File "D:\code\my\GPTProExplore\mail-com-code-api\mailcom_client.py", line 258, in ensure_mail_token
    return self.get_token(MAIL_SCOPE, MAIL_CLIENT_ID)
           ^^^^^^^^^^^^^^^^^^^^^^^^^^^^^^^^^^^^^^^^^^
  File "D:\code\my\GPTProExplore\mail-com-code-api\mailcom_client.py", line 246, in get_token
    raise MailComError(f"token 请求失败 (HTTP {response.status_code})", kind="oauth_failed")
mailcom_client.MailComError: token 请求失败 (HTTP 400)

During handling of the above exception, another exception occurred:

Traceback (most recent call last):
  File "D:\code\my\GPTProExplore\mail-com-code-api\server.py", line 1003, in handle_code
    results.append({"email": email, "code": None, "error": exc.kind})
             ^^^^^^^^^^^^^^^^^^^^^^^^^^^^^^^^^^^^^^^^^^^^^^^^^^^^^^^^
  File "D:\code\my\GPTProExplore\mail-com-code-api\server.py", line 562, in fetch_code
    routes: list[Address] = []
                       ^^^^^^^^
  File "D:\code\my\GPTProExplore\mail-com-code-api\mailcom_client.py", line 278, in query_messages
    token = self.ensure_mail_token()
            ^^^^^^^^^^^^^^^^^^^^^^^^
  File "D:\code\my\GPTProExplore\mail-com-code-api\mailcom_client.py", line 265, in ensure_mail_token
    return self.get_token(MAIL_SCOPE, MAIL_CLIENT_ID, force=True)
           ^^^^^^^^^^^^^^^^^^^^^^^^^^^^^^^^^^^^^^^^^^^^^^^^^^^^^^
  File "D:\code\my\GPTProExplore\mail-com-code-api\mailcom_client.py", line 246, in get_token
    raise MailComError(f"token 请求失败 (HTTP {response.status_code})", kind="oauth_failed")
mailcom_client.MailComError: token 请求失败 (HTTP 400)

During handling of the above exception, another exception occurred:

Traceback (most recent call last):
  File "D:\Program Files\Python\Python 3.12.10\Lib\socketserver.py", line 697, in process_request_thread
    self.finish_request(request, client_address)
  File "D:\Program Files\Python\Python 3.12.10\Lib\socketserver.py", line 362, in finish_request
    self.RequestHandlerClass(request, client_address, self)
  File "D:\Program Files\Python\Python 3.12.10\Lib\socketserver.py", line 766, in __init__
    self.handle()
  File "D:\Program Files\Python\Python 3.12.10\Lib\http\server.py", line 436, in handle
    self.handle_one_request()
  File "D:\Program Files\Python\Python 3.12.10\Lib\http\server.py", line 424, in handle_one_request
    method()
  File "D:\code\my\GPTProExplore\mail-com-code-api\server.py", line 648, in do_GET
    },
  File "D:\code\my\GPTProExplore\mail-com-code-api\server.py", line 1014, in handle_code
    return
  File "D:\code\my\GPTProExplore\mail-com-code-api\server.py", line 1061, in json_response
    return raw
  File "D:\Program Files\Python\Python 3.12.10\Lib\socketserver.py", line 845, in write
    self._sock.sendall(b)
ConnectionAbortedError: [WinError 10053] 你的主机中的软件中止了一个已建立的连接。
----------------------------------------
mail-code-api method=GET status=502
----------------------------------------
Exception occurred during processing of request from ('127.0.0.1', 52011)
Traceback (most recent call last):
  File "D:\code\my\GPTProExplore\mail-com-code-api\mailcom_client.py", line 258, in ensure_mail_token
    return self.get_token(MAIL_SCOPE, MAIL_CLIENT_ID)
           ^^^^^^^^^^^^^^^^^^^^^^^^^^^^^^^^^^^^^^^^^^
  File "D:\code\my\GPTProExplore\mail-com-code-api\mailcom_client.py", line 246, in get_token
    raise MailComError(f"token 请求失败 (HTTP {response.status_code})", kind="oauth_failed")
mailcom_client.MailComError: token 请求失败 (HTTP 400)

During handling of the above exception, another exception occurred:

Traceback (most recent call last):
  File "D:\code\my\GPTProExplore\mail-com-code-api\server.py", line 1003, in handle_code
    results.append({"email": email, "code": None, "error": exc.kind})
             ^^^^^^^^^^^^^^^^^^^^^^^^^^^^^^^^^^^^^^^^^^^^^^^^^^^^^^^^
  File "D:\code\my\GPTProExplore\mail-com-code-api\server.py", line 562, in fetch_code
    routes: list[Address] = []
                       ^^^^^^^^
  File "D:\code\my\GPTProExplore\mail-com-code-api\mailcom_client.py", line 278, in query_messages
    token = self.ensure_mail_token()
            ^^^^^^^^^^^^^^^^^^^^^^^^
  File "D:\code\my\GPTProExplore\mail-com-code-api\mailcom_client.py", line 265, in ensure_mail_token
    return self.get_token(MAIL_SCOPE, MAIL_CLIENT_ID, force=True)
           ^^^^^^^^^^^^^^^^^^^^^^^^^^^^^^^^^^^^^^^^^^^^^^^^^^^^^^
  File "D:\code\my\GPTProExplore\mail-com-code-api\mailcom_client.py", line 246, in get_token
    raise MailComError(f"token 请求失败 (HTTP {response.status_code})", kind="oauth_failed")
mailcom_client.MailComError: token 请求失败 (HTTP 400)

During handling of the above exception, another exception occurred:

Traceback (most recent call last):
  File "D:\Program Files\Python\Python 3.12.10\Lib\socketserver.py", line 697, in process_request_thread
    self.finish_request(request, client_address)
  File "D:\Program Files\Python\Python 3.12.10\Lib\socketserver.py", line 362, in finish_request
    self.RequestHandlerClass(request, client_address, self)
  File "D:\Program Files\Python\Python 3.12.10\Lib\socketserver.py", line 766, in __init__
    self.handle()
  File "D:\Program Files\Python\Python 3.12.10\Lib\http\server.py", line 436, in handle
    self.handle_one_request()
  File "D:\Program Files\Python\Python 3.12.10\Lib\http\server.py", line 424, in handle_one_request
    method()
  File "D:\code\my\GPTProExplore\mail-com-code-api\server.py", line 648, in do_GET
    },
  File "D:\code\my\GPTProExplore\mail-com-code-api\server.py", line 1014, in handle_code
    return
  File "D:\code\my\GPTProExplore\mail-com-code-api\server.py", line 1061, in json_response
    return raw
  File "D:\Program Files\Python\Python 3.12.10\Lib\socketserver.py", line 845, in write
    self._sock.sendall(b)
ConnectionAbortedError: [WinError 10053] 你的主机中的软件中止了一个已建立的连接。
----------------------------------------
mail-code-api method=GET status=502
----------------------------------------
Exception occurred during processing of request from ('127.0.0.1', 57548)
Traceback (most recent call last):
  File "D:\code\my\GPTProExplore\mail-com-code-api\mailcom_client.py", line 258, in ensure_mail_token
    return self.get_token(MAIL_SCOPE, MAIL_CLIENT_ID)
           ^^^^^^^^^^^^^^^^^^^^^^^^^^^^^^^^^^^^^^^^^^
  File "D:\code\my\GPTProExplore\mail-com-code-api\mailcom_client.py", line 246, in get_token
    raise MailComError(f"token 请求失败 (HTTP {response.status_code})", kind="oauth_failed")
mailcom_client.MailComError: token 请求失败 (HTTP 400)

During handling of the above exception, another exception occurred:

Traceback (most recent call last):
  File "D:\code\my\GPTProExplore\mail-com-code-api\server.py", line 1003, in handle_code
    results.append({"email": email, "code": None, "error": exc.kind})
             ^^^^^^^^^^^^^^^^^^^^^^^^^^^^^^^^^^^^^^^^^^^^^^^^^^^^^^^^
  File "D:\code\my\GPTProExplore\mail-com-code-api\server.py", line 562, in fetch_code
    routes: list[Address] = []
                       ^^^^^^^^
  File "D:\code\my\GPTProExplore\mail-com-code-api\mailcom_client.py", line 278, in query_messages
    token = self.ensure_mail_token()
            ^^^^^^^^^^^^^^^^^^^^^^^^
  File "D:\code\my\GPTProExplore\mail-com-code-api\mailcom_client.py", line 265, in ensure_mail_token
    return self.get_token(MAIL_SCOPE, MAIL_CLIENT_ID, force=True)
           ^^^^^^^^^^^^^^^^^^^^^^^^^^^^^^^^^^^^^^^^^^^^^^^^^^^^^^
  File "D:\code\my\GPTProExplore\mail-com-code-api\mailcom_client.py", line 246, in get_token
    raise MailComError(f"token 请求失败 (HTTP {response.status_code})", kind="oauth_failed")
mailcom_client.MailComError: token 请求失败 (HTTP 400)

During handling of the above exception, another exception occurred:

Traceback (most recent call last):
  File "D:\Program Files\Python\Python 3.12.10\Lib\socketserver.py", line 697, in process_request_thread
    self.finish_request(request, client_address)
  File "D:\Program Files\Python\Python 3.12.10\Lib\socketserver.py", line 362, in finish_request
    self.RequestHandlerClass(request, client_address, self)
  File "D:\Program Files\Python\Python 3.12.10\Lib\socketserver.py", line 766, in __init__
    self.handle()
  File "D:\Program Files\Python\Python 3.12.10\Lib\http\server.py", line 436, in handle
    self.handle_one_request()
  File "D:\Program Files\Python\Python 3.12.10\Lib\http\server.py", line 424, in handle_one_request
    method()
  File "D:\code\my\GPTProExplore\mail-com-code-api\server.py", line 648, in do_GET
    },
  File "D:\code\my\GPTProExplore\mail-com-code-api\server.py", line 1014, in handle_code
    return
  File "D:\code\my\GPTProExplore\mail-com-code-api\server.py", line 1061, in json_response
    return raw
  File "D:\Program Files\Python\Python 3.12.10\Lib\socketserver.py", line 845, in write
    self._sock.sendall(b)
ConnectionAbortedError: [WinError 10053] 你的主机中的软件中止了一个已建立的连接。
----------------------------------------
mail-code-api method=GET status=502
----------------------------------------
Exception occurred during processing of request from ('127.0.0.1', 57136)
Traceback (most recent call last):
  File "D:\code\my\GPTProExplore\mail-com-code-api\mailcom_client.py", line 258, in ensure_mail_token
    return self.get_token(MAIL_SCOPE, MAIL_CLIENT_ID)
           ^^^^^^^^^^^^^^^^^^^^^^^^^^^^^^^^^^^^^^^^^^
  File "D:\code\my\GPTProExplore\mail-com-code-api\mailcom_client.py", line 246, in get_token
    raise MailComError(f"token 请求失败 (HTTP {response.status_code})", kind="oauth_failed")
mailcom_client.MailComError: token 请求失败 (HTTP 400)

During handling of the above exception, another exception occurred:

Traceback (most recent call last):
  File "D:\code\my\GPTProExplore\mail-com-code-api\server.py", line 1003, in handle_code
    results.append({"email": email, "code": None, "error": exc.kind})
             ^^^^^^^^^^^^^^^^^^^^^^^^^^^^^^^^^^^^^^^^^^^^^^^^^^^^^^^^
  File "D:\code\my\GPTProExplore\mail-com-code-api\server.py", line 562, in fetch_code
    routes: list[Address] = []
                       ^^^^^^^^
  File "D:\code\my\GPTProExplore\mail-com-code-api\mailcom_client.py", line 278, in query_messages
    token = self.ensure_mail_token()
            ^^^^^^^^^^^^^^^^^^^^^^^^
  File "D:\code\my\GPTProExplore\mail-com-code-api\mailcom_client.py", line 265, in ensure_mail_token
    return self.get_token(MAIL_SCOPE, MAIL_CLIENT_ID, force=True)
           ^^^^^^^^^^^^^^^^^^^^^^^^^^^^^^^^^^^^^^^^^^^^^^^^^^^^^^
  File "D:\code\my\GPTProExplore\mail-com-code-api\mailcom_client.py", line 246, in get_token
    raise MailComError(f"token 请求失败 (HTTP {response.status_code})", kind="oauth_failed")
mailcom_client.MailComError: token 请求失败 (HTTP 400)

During handling of the above exception, another exception occurred:

Traceback (most recent call last):
  File "D:\Program Files\Python\Python 3.12.10\Lib\socketserver.py", line 697, in process_request_thread
    self.finish_request(request, client_address)
  File "D:\Program Files\Python\Python 3.12.10\Lib\socketserver.py", line 362, in finish_request
    self.RequestHandlerClass(request, client_address, self)
  File "D:\Program Files\Python\Python 3.12.10\Lib\socketserver.py", line 766, in __init__
    self.handle()
  File "D:\Program Files\Python\Python 3.12.10\Lib\http\server.py", line 436, in handle
    self.handle_one_request()
  File "D:\Program Files\Python\Python 3.12.10\Lib\http\server.py", line 424, in handle_one_request
    method()
  File "D:\code\my\GPTProExplore\mail-com-code-api\server.py", line 648, in do_GET
    },
  File "D:\code\my\GPTProExplore\mail-com-code-api\server.py", line 1014, in handle_code
    return
  File "D:\code\my\GPTProExplore\mail-com-code-api\server.py", line 1061, in json_response
    return raw
  File "D:\Program Files\Python\Python 3.12.10\Lib\socketserver.py", line 845, in write
    self._sock.sendall(b)
ConnectionAbortedError: [WinError 10053] 你的主机中的软件中止了一个已建立的连接。
----------------------------------------
mail-code-api method=GET status=502
mail-code-api method=GET status=502
mail-code-api method=GET status=200
mail-code-api method=GET status=502
mail-code-api method=GET status=200
mail-code-api method=GET status=502
